
There are no discarded input sections

Memory Configuration

Name             Origin             Length             Attributes
RAM              0x20000000         0x00018000         xrw
FLASH            0x08010000         0x00078000         xr
*default*        0x00000000         0xffffffff

Linker script and memory map

LOAD CMakeFiles/stm32-doom-app.elf.dir/Src/main.c.o
LOAD CMakeFiles/stm32-doom-app.elf.dir/Startup/startup_stm32f401.s.o

.isr_vector     0x08010000       0x14
                0x08010000                        . = ALIGN (0x4)
 *(.isr_vector)
 .isr_vector    0x08010000       0x14 CMakeFiles/stm32-doom-app.elf.dir/Startup/startup_stm32f401.s.o
                0x08010014                        . = ALIGN (0x4)

.text           0x08010014       0x94
                0x08010014                        . = ALIGN (0x4)
 *(.text)
 .text          0x08010014       0x6c CMakeFiles/stm32-doom-app.elf.dir/Src/main.c.o
                0x08010014                main
 .text          0x08010080       0x28 CMakeFiles/stm32-doom-app.elf.dir/Startup/startup_stm32f401.s.o
                0x08010080                Reset_Handler
                0x0801009a                HardFault_Handler
 *(.text*)
                0x080100a8                        . = ALIGN (0x4)

.glue_7         0x080100a8        0x0
 .glue_7        0x080100a8        0x0 linker stubs

.glue_7t        0x080100a8        0x0
 .glue_7t       0x080100a8        0x0 linker stubs

.vfp11_veneer   0x080100a8        0x0
 .vfp11_veneer  0x080100a8        0x0 linker stubs

.v4_bx          0x080100a8        0x0
 .v4_bx         0x080100a8        0x0 linker stubs

.iplt           0x080100a8        0x0
 .iplt          0x080100a8        0x0 CMakeFiles/stm32-doom-app.elf.dir/Startup/startup_stm32f401.s.o

.rel.dyn        0x080100a8        0x0
 .rel.iplt      0x080100a8        0x0 CMakeFiles/stm32-doom-app.elf.dir/Startup/startup_stm32f401.s.o

.data           0x20000000        0x0 load address 0x080100a8
                0x20000000                        . = ALIGN (0x4)
 *(.data)
 .data          0x20000000        0x0 CMakeFiles/stm32-doom-app.elf.dir/Src/main.c.o
 .data          0x20000000        0x0 CMakeFiles/stm32-doom-app.elf.dir/Startup/startup_stm32f401.s.o
 *(.data*)
                0x20000000                        . = ALIGN (0x4)

.igot.plt       0x20000000        0x0 load address 0x080100a8
 .igot.plt      0x20000000        0x0 CMakeFiles/stm32-doom-app.elf.dir/Startup/startup_stm32f401.s.o

.bss            0x20000000        0x0 load address 0x080100a8
                0x20000000                        . = ALIGN (0x4)
                0x20000000                        _sbss = .
 *(.bss)
 .bss           0x20000000        0x0 CMakeFiles/stm32-doom-app.elf.dir/Src/main.c.o
 .bss           0x20000000        0x0 CMakeFiles/stm32-doom-app.elf.dir/Startup/startup_stm32f401.s.o
 *(.bss*)
 *(COMMON)
                0x20000000                        . = ALIGN (0x4)
                0x20000000                        _ebss = .
OUTPUT(stm32-doom-app.elf elf32-littlearm)
LOAD linker stubs

.debug_info     0x00000000      0x310
 .debug_info    0x00000000      0x310 CMakeFiles/stm32-doom-app.elf.dir/Src/main.c.o

.debug_abbrev   0x00000000       0xdc
 .debug_abbrev  0x00000000       0xdc CMakeFiles/stm32-doom-app.elf.dir/Src/main.c.o

.debug_aranges  0x00000000       0x20
 .debug_aranges
                0x00000000       0x20 CMakeFiles/stm32-doom-app.elf.dir/Src/main.c.o

.debug_line     0x00000000      0x10a
 .debug_line    0x00000000      0x10a CMakeFiles/stm32-doom-app.elf.dir/Src/main.c.o

.debug_str      0x00000000      0x259
 .debug_str     0x00000000      0x259 CMakeFiles/stm32-doom-app.elf.dir/Src/main.c.o
                                0x292 (size before relaxing)

.comment        0x00000000       0x26
 .comment       0x00000000       0x26 CMakeFiles/stm32-doom-app.elf.dir/Src/main.c.o
                                 0x27 (size before relaxing)

.ARM.attributes
                0x00000000       0x32
 .ARM.attributes
                0x00000000       0x34 CMakeFiles/stm32-doom-app.elf.dir/Src/main.c.o
 .ARM.attributes
                0x00000034       0x21 CMakeFiles/stm32-doom-app.elf.dir/Startup/startup_stm32f401.s.o

.debug_frame    0x00000000       0x2c
 .debug_frame   0x00000000       0x2c CMakeFiles/stm32-doom-app.elf.dir/Src/main.c.o
